arguments.c
pipex.c
pipex_utils.c
process.c
settings.c
